<?xml version="1.0" encoding="UTF-8"?>
<!DOCTYPE html PUBLIC "-//W3C//DTD XHTML 1.1//EN"
                      "http://www.w3.org/TR/xhtml11/DTD/xhtml11.dtd">
<html xmlns="http://www.w3.org/1999/xhtml">
    <head>
        <meta content="text/html;charset=utf-8" http-equiv="content-type"/>
        <title>This is a test PDF file</title>
        <style type="text/css">
.page{position:relative; border:1px solid blue;margin:0.5em}
.p,.r{position:absolute;}
@supports(-webkit-text-stroke: 1px black) {.p{text-shadow:none !important;}}</style>
    </head>
    <body>
        <div class="page" id="page_0" style="width:595.0pt;height:842.0pt;overflow:hidden;">
            <div class="p" id="p0" style="top:72.25352pt;left:213.7606pt;line-height:15.66864pt;font-family:Arial;font-size:14.0pt;font-weight:bold;word-spacing:0.0068pt;letter-spacing:-0.0026pt;width:43.488876pt;">Adobe</div>
            <div class="p" id="p1" style="top:72.25352pt;left:261.41516pt;line-height:15.66864pt;font-family:Arial;font-size:14.0pt;font-weight:bold;word-spacing:0.0068pt;letter-spacing:-0.0026pt;width:52.68228pt;">Acrobat</div>
            <div class="p" id="p2" style="top:72.25352pt;left:318.02304pt;line-height:15.66864pt;font-family:Arial;font-size:14.0pt;font-weight:bold;word-spacing:0.0068pt;letter-spacing:-0.0026pt;width:28.006989pt;">PDF</div>
            <div class="p" id="p3" style="top:72.25352pt;left:349.95563pt;line-height:15.66864pt;font-family:Arial;font-size:14.0pt;font-weight:bold;word-spacing:0.0068pt;letter-spacing:-0.0026pt;width:31.946594pt;">Files</div>
            <div class="p" id="p4" style="top:101.987686pt;left:89.9206pt;line-height:13.284004pt;font-family:Times New Roman;font-size:12.0pt;word-spacing:0.0209pt;letter-spacing:-9.0E-4pt;width:41.05799pt;">AdobeÂ®</div>
            <div class="p" id="p5" style="top:101.987686pt;left:134.2078pt;line-height:13.284004pt;font-family:Times New Roman;font-size:12.0pt;word-spacing:0.0209pt;letter-spacing:-9.0E-4pt;width:39.92038pt;">Portable</div>
            <div class="p" id="p6" style="top:101.987686pt;left:177.35738pt;line-height:13.284004pt;font-family:Times New Roman;font-size:12.0pt;word-spacing:0.0209pt;letter-spacing:-9.0E-4pt;width:50.04718pt;">Document</div>
            <div class="p" id="p7" style="top:101.987686pt;left:230.63376pt;line-height:13.284004pt;font-family:Times New Roman;font-size:12.0pt;word-spacing:0.0209pt;letter-spacing:-9.0E-4pt;width:34.718384pt;">Format</div>
            <div class="p" id="p8" style="top:101.987686pt;left:268.58133pt;line-height:13.284004pt;font-family:Times New Roman;font-size:12.0pt;word-spacing:0.0209pt;letter-spacing:-9.0E-4pt;width:29.893188pt;">(PDF)</div>
            <div class="p" id="p9" style="top:101.987686pt;left:301.7037pt;line-height:13.284004pt;font-family:Times New Roman;font-size:12.0pt;word-spacing:0.0209pt;letter-spacing:-9.0E-4pt;width:7.9931946pt;">is</div>
            <div class="p" id="p10" style="top:101.987686pt;left:313.04608pt;line-height:13.284004pt;font-family:Times New Roman;font-size:12.0pt;word-spacing:0.0209pt;letter-spacing:-9.0E-4pt;width:5.328003pt;">a</div>
            <div class="p" id="p11" style="top:101.987686pt;left:321.60327pt;line-height:13.284004pt;font-family:Times New Roman;font-size:12.0pt;word-spacing:0.0209pt;letter-spacing:-9.0E-4pt;width:43.90558pt;">universal</div>
            <div class="p" id="p12" style="top:101.987686pt;left:368.85803pt;line-height:13.284004pt;font-family:Times New Roman;font-size:12.0pt;word-spacing:0.0209pt;letter-spacing:-9.0E-4pt;width:15.963593pt;">file</div>
            <div class="p" id="p13" style="top:101.987686pt;left:388.2908pt;line-height:13.284004pt;font-family:Times New Roman;font-size:12.0pt;word-spacing:0.0209pt;letter-spacing:-9.0E-4pt;width:31.937988pt;">format</div>
            <div class="p" id="p14" style="top:101.987686pt;left:423.57797pt;line-height:13.284004pt;font-family:Times New Roman;font-size:12.0pt;word-spacing:0.0209pt;letter-spacing:-9.0E-4pt;width:17.96759pt;">that</div>
            <div class="p" id="p15" style="top:101.987686pt;left:444.89474pt;line-height:13.284004pt;font-family:Times New Roman;font-size:12.0pt;word-spacing:0.0209pt;letter-spacing:-9.0E-4pt;width:45.41638pt;">preserves</div>
            <div class="p" id="p16" style="top:101.987686pt;left:493.6603pt;line-height:13.284004pt;font-family:Times New Roman;font-size:12.0pt;word-spacing:0.0209pt;letter-spacing:-9.0E-4pt;width:11.978394pt;">all</div>
            <div class="p" id="p17" style="top:115.787674pt;left:89.9206pt;line-height:13.283997pt;font-family:Times New Roman;font-size:12.0pt;word-spacing:0.0992pt;letter-spacing:8.0E-4pt;width:10.0056pt;">of</div>
            <div class="p" id="p18" style="top:115.787674pt;left:103.97019pt;line-height:13.283997pt;font-family:Times New Roman;font-size:12.0pt;word-spacing:0.0992pt;letter-spacing:8.0E-4pt;width:14.683205pt;">the</div>
            <div class="p" id="p19" style="top:115.787674pt;left:122.68779pt;line-height:13.283997pt;font-family:Times New Roman;font-size:12.0pt;word-spacing:0.0992pt;letter-spacing:8.0E-4pt;width:27.002396pt;">fonts,</div>
            <div class="p" id="p20" style="top:115.787674pt;left:153.77979pt;line-height:13.283997pt;font-family:Times New Roman;font-size:12.0pt;word-spacing:0.0992pt;letter-spacing:8.0E-4pt;width:53.601593pt;">formatting,</div>
            <div class="p" id="p21" style="top:115.787674pt;left:211.46138pt;line-height:13.283997pt;font-family:Times New Roman;font-size:12.0pt;word-spacing:0.0992pt;letter-spacing:8.0E-4pt;width:35.275192pt;">colours</div>
            <div class="p" id="p22" style="top:115.787674pt;left:250.82617pt;line-height:13.283997pt;font-family:Times New Roman;font-size:12.0pt;word-spacing:0.0992pt;letter-spacing:8.0E-4pt;width:17.291992pt;">and</div>
            <div class="p" id="p23" style="top:115.787674pt;left:272.3278pt;line-height:13.283997pt;font-family:Times New Roman;font-size:12.0pt;word-spacing:0.0992pt;letter-spacing:8.0E-4pt;width:40.56723pt;">graphics</div>
            <div class="p" id="p24" style="top:115.787674pt;left:317.10464pt;line-height:13.283997pt;font-family:Times New Roman;font-size:12.0pt;word-spacing:0.0992pt;letter-spacing:8.0E-4pt;width:10.116028pt;">of</div>
            <div class="p" id="p25" style="top:115.787674pt;left:331.3847pt;line-height:13.283997pt;font-family:Times New Roman;font-size:12.0pt;word-spacing:0.0992pt;letter-spacing:8.0E-4pt;width:17.28238pt;">any</div>
            <div class="p" id="p26" style="top:115.787674pt;left:352.8671pt;line-height:13.283997pt;font-family:Times New Roman;font-size:12.0pt;word-spacing:0.0992pt;letter-spacing:8.0E-4pt;width:31.312805pt;">source</div>
            <div class="p" id="p27" style="top:115.787674pt;left:388.3343pt;line-height:13.283997pt;font-family:Times New Roman;font-size:12.0pt;word-spacing:0.0992pt;letter-spacing:8.0E-4pt;width:50.42163pt;">document,</div>
            <div class="p" id="p28" style="top:115.787674pt;left:442.96555pt;line-height:13.283997pt;font-family:Times New Roman;font-size:12.0pt;word-spacing:0.0992pt;letter-spacing:8.0E-4pt;width:48.57715pt;">regardless</div>
            <div class="p" id="p29" style="top:115.787674pt;left:495.75232pt;line-height:13.283997pt;font-family:Times New Roman;font-size:12.0pt;word-spacing:0.0992pt;letter-spacing:8.0E-4pt;width:10.005615pt;">of</div>
            <div class="p" id="p30" style="top:129.58766pt;left:89.9206pt;line-height:13.283997pt;font-family:Times New Roman;font-size:12.0pt;word-spacing:4.0E-4pt;letter-spacing:-4.0E-4pt;width:14.654404pt;">the</div>
            <div class="p" id="p31" style="top:129.58766pt;left:107.570206pt;line-height:13.283997pt;font-family:Times New Roman;font-size:12.0pt;word-spacing:4.0E-4pt;letter-spacing:-4.0E-4pt;width:53.280014pt;">application</div>
            <div class="p" id="p32" style="top:129.58766pt;left:163.84541pt;line-height:13.283997pt;font-family:Times New Roman;font-size:12.0pt;word-spacing:4.0E-4pt;letter-spacing:-4.0E-4pt;width:17.31839pt;">and</div>
            <div class="p" id="p33" style="top:129.58766pt;left:184.159pt;line-height:13.283997pt;font-family:Times New Roman;font-size:12.0pt;word-spacing:4.0E-4pt;letter-spacing:-4.0E-4pt;width:41.294388pt;">platform</div>
            <div class="p" id="p34" style="top:129.58766pt;left:228.44858pt;line-height:13.283997pt;font-family:Times New Roman;font-size:12.0pt;word-spacing:4.0E-4pt;letter-spacing:-4.0E-4pt;width:22.115982pt;">used</div>
            <div class="p" id="p35" style="top:129.58766pt;left:253.55975pt;line-height:13.283997pt;font-family:Times New Roman;font-size:12.0pt;word-spacing:4.0E-4pt;letter-spacing:-4.0E-4pt;width:9.331207pt;">to</div>
            <div class="p" id="p36" style="top:129.58766pt;left:265.88617pt;line-height:13.283997pt;font-family:Times New Roman;font-size:12.0pt;word-spacing:4.0E-4pt;letter-spacing:-4.0E-4pt;width:28.658447pt;">create</div>
            <div class="p" id="p37" style="top:129.58766pt;left:297.53983pt;line-height:13.283997pt;font-family:Times New Roman;font-size:12.0pt;word-spacing:4.0E-4pt;letter-spacing:-4.0E-4pt;width:9.662415pt;">it.</div>
            <div class="p" id="p38" style="top:157.18764pt;left:89.9206pt;line-height:13.283997pt;font-family:Times New Roman;font-size:12.0pt;word-spacing:0.0103pt;letter-spacing:-4.0E-4pt;width:31.972809pt;">Adobe</div>
            <div class="p" id="p39" style="top:157.18764pt;left:124.887405pt;line-height:13.283997pt;font-family:Times New Roman;font-size:12.0pt;word-spacing:0.0103pt;letter-spacing:-4.0E-4pt;width:21.998398pt;">PDF</div>
            <div class="p" id="p40" style="top:157.18764pt;left:149.80902pt;line-height:13.283997pt;font-family:Times New Roman;font-size:12.0pt;word-spacing:0.0103pt;letter-spacing:-4.0E-4pt;width:7.9992065pt;">is</div>
            <div class="p" id="p41" style="top:157.18764pt;left:160.80223pt;line-height:13.283997pt;font-family:Times New Roman;font-size:12.0pt;word-spacing:0.0103pt;letter-spacing:-4.0E-4pt;width:11.323196pt;">an</div>
            <div class="p" id="p42" style="top:157.18764pt;left:175.11943pt;line-height:13.283997pt;font-family:Times New Roman;font-size:12.0pt;word-spacing:0.0103pt;letter-spacing:-4.0E-4pt;width:23.344788pt;">ideal</div>
            <div class="p" id="p43" style="top:157.18764pt;left:201.45824pt;line-height:13.283997pt;font-family:Times New Roman;font-size:12.0pt;word-spacing:0.0103pt;letter-spacing:-4.0E-4pt;width:31.967987pt;">format</div>
            <div class="p" id="p44" style="top:157.18764pt;left:236.54024pt;line-height:13.283997pt;font-family:Times New Roman;font-size:12.0pt;word-spacing:0.0103pt;letter-spacing:-4.0E-4pt;width:14.105988pt;">for</div>
            <div class="p" id="p45" style="top:157.18764pt;left:253.76022pt;line-height:13.283997pt;font-family:Times New Roman;font-size:12.0pt;word-spacing:0.0103pt;letter-spacing:-4.0E-4pt;width:47.3089pt;">electronic</div>
            <div class="p" id="p46" style="top:157.18764pt;left:304.18314pt;line-height:13.283997pt;font-family:Times New Roman;font-size:12.0pt;word-spacing:0.0103pt;letter-spacing:-4.0E-4pt;width:47.444458pt;">document</div>
            <div class="p" id="p47" style="top:157.18764pt;left:354.7416pt;line-height:13.283997pt;font-family:Times New Roman;font-size:12.0pt;word-spacing:0.0103pt;letter-spacing:-4.0E-4pt;width:55.29129pt;">distribution</div>
            <div class="p" id="p48" style="top:157.18764pt;left:413.1469pt;line-height:13.283997pt;font-family:Times New Roman;font-size:12.0pt;word-spacing:0.0103pt;letter-spacing:-4.0E-4pt;width:9.991211pt;">as</div>
            <div class="p" id="p49" style="top:157.18764pt;left:426.25214pt;line-height:13.283997pt;font-family:Times New Roman;font-size:12.0pt;word-spacing:0.0103pt;letter-spacing:-4.0E-4pt;width:6.667206pt;">it</div>
            <div class="p" id="p50" style="top:157.18764pt;left:436.03336pt;line-height:13.283997pt;font-family:Times New Roman;font-size:12.0pt;word-spacing:0.0103pt;letter-spacing:-4.0E-4pt;width:51.94568pt;">overcomes</div>
            <div class="p" id="p51" style="top:157.18764pt;left:491.09305pt;line-height:13.283997pt;font-family:Times New Roman;font-size:12.0pt;word-spacing:0.0103pt;letter-spacing:-4.0E-4pt;width:14.654419pt;">the</div>
            <div class="p" id="p52" style="top:170.98763pt;left:89.9206pt;line-height:13.283997pt;font-family:Times New Roman;font-size:12.0pt;word-spacing:7.0E-4pt;letter-spacing:-7.0E-4pt;width:44.6052pt;">problems</div>
            <div class="p" id="p53" style="top:170.98763pt;left:137.51741pt;line-height:13.283997pt;font-family:Times New Roman;font-size:12.0pt;word-spacing:7.0E-4pt;letter-spacing:-7.0E-4pt;width:51.432037pt;">commonly</div>
            <div class="p" id="p54" style="top:170.98763pt;left:191.70944pt;line-height:13.283997pt;font-family:Times New Roman;font-size:12.0pt;word-spacing:7.0E-4pt;letter-spacing:-7.0E-4pt;width:58.780807pt;">encountered</div>
            <div class="p" id="p55" style="top:170.98763pt;left:253.48184pt;line-height:13.283997pt;font-family:Times New Roman;font-size:12.0pt;word-spacing:7.0E-4pt;letter-spacing:-7.0E-4pt;width:21.310822pt;">with</div>
            <div class="p" id="p56" style="top:170.98763pt;left:277.78427pt;line-height:13.283997pt;font-family:Times New Roman;font-size:12.0pt;word-spacing:7.0E-4pt;letter-spacing:-7.0E-4pt;width:47.395264pt;">electronic</div>
            <div class="p" id="p57" style="top:170.98763pt;left:328.17114pt;line-height:13.283997pt;font-family:Times New Roman;font-size:12.0pt;word-spacing:7.0E-4pt;letter-spacing:-7.0E-4pt;width:15.970825pt;">file</div>
            <div class="p" id="p58" style="top:170.98763pt;left:347.13358pt;line-height:13.283997pt;font-family:Times New Roman;font-size:12.0pt;word-spacing:7.0E-4pt;letter-spacing:-7.0E-4pt;width:38.21286pt;">sharing.</div>
            <div class="p" id="p59" style="top:198.11963pt;left:89.9206pt;line-height:15.636002pt;font-family:Symbol;font-size:12.0pt;width:5.5195312pt;">â¢</div>
            <div class="p" id="p60" style="top:199.54762pt;left:107.92059pt;line-height:13.283997pt;font-family:Times New Roman;font-size:12.0pt;word-spacing:0.0695pt;letter-spacing:5.0E-4pt;width:41.039993pt;">Anyone,</div>
            <div class="p" id="p61" style="top:199.54762pt;left:152.80658pt;line-height:13.283997pt;font-family:Times New Roman;font-size:12.0pt;word-spacing:0.0695pt;letter-spacing:5.0E-4pt;width:48.041977pt;">anywhere</div>
            <div class="p" id="p62" style="top:199.54762pt;left:204.6406pt;line-height:13.283997pt;font-family:Times New Roman;font-size:12.0pt;word-spacing:0.071pt;letter-spacing:-0.001pt;width:16.631989pt;">can</div>
            <div class="p" id="p63" style="top:199.54762pt;left:225.10059pt;line-height:13.283997pt;font-family:Times New Roman;font-size:12.0pt;word-spacing:0.071pt;letter-spacing:-0.001pt;width:23.292007pt;">open</div>
            <div class="p" id="p64" style="top:199.54762pt;left:252.2206pt;line-height:13.283997pt;font-family:Times New Roman;font-size:12.0pt;word-spacing:0.071pt;letter-spacing:-0.001pt;width:5.3279877pt;">a</div>
            <div class="p" id="p65" style="top:199.54762pt;left:261.3766pt;line-height:13.283997pt;font-family:Times New Roman;font-size:12.0pt;word-spacing:0.071pt;letter-spacing:-0.001pt;width:22.0896pt;">PDF</div>
            <div class="p" id="p66" style="top:199.54762pt;left:287.23178pt;line-height:13.283997pt;font-family:Times New Roman;font-size:12.0pt;word-spacing:0.071pt;letter-spacing:-0.001pt;width:18.948029pt;">file.</div>
            <div class="p" id="p67" style="top:199.54762pt;left:310.0078pt;line-height:13.283997pt;font-family:Times New Roman;font-size:12.0pt;word-spacing:0.071pt;letter-spacing:-0.001pt;width:15.312012pt;">All</div>
            <div class="p" id="p68" style="top:199.54762pt;left:329.5078pt;line-height:13.283997pt;font-family:Times New Roman;font-size:12.0pt;word-spacing:0.071pt;letter-spacing:-0.001pt;width:17.748016pt;">you</div>
            <div class="p" id="p69" style="top:199.54762pt;left:351.20383pt;line-height:13.283997pt;font-family:Times New Roman;font-size:12.0pt;word-spacing:0.071pt;letter-spacing:-0.001pt;width:22.70642pt;">need</div>
            <div class="p" id="p70" style="top:199.54762pt;left:377.85825pt;line-height:13.283997pt;font-family:Times New Roman;font-size:12.0pt;word-spacing:0.071pt;letter-spacing:-0.001pt;width:7.9920044pt;">is</div>
            <div class="p" id="p71" style="top:199.54762pt;left:389.79825pt;line-height:13.283997pt;font-family:Times New Roman;font-size:12.0pt;word-spacing:0.071pt;letter-spacing:-0.001pt;width:14.640015pt;">the</div>
            <div class="p" id="p72" style="top:199.54762pt;left:408.38626pt;line-height:13.283997pt;font-family:Times New Roman;font-size:12.0pt;word-spacing:0.071pt;letter-spacing:-0.001pt;width:18.708038pt;">free</div>
            <div class="p" id="p73" style="top:199.54762pt;left:431.0423pt;line-height:13.283997pt;font-family:Times New Roman;font-size:12.0pt;word-spacing:0.071pt;letter-spacing:-0.001pt;width:32.07602pt;">Adobe</div>
            <div class="p" id="p74" style="top:199.54762pt;left:467.0663pt;line-height:13.283997pt;font-family:Times New Roman;font-size:12.0pt;word-spacing:0.071pt;letter-spacing:-0.001pt;width:38.678436pt;">Acrobat</div>
            <div class="p" id="p75" style="top:213.22762pt;left:107.9206pt;line-height:13.283997pt;font-family:Times New Roman;font-size:12.0pt;word-spacing:0.1086pt;letter-spacing:0.0014pt;width:36.828026pt;">Reader.</div>
            <div class="p" id="p76" style="top:213.22762pt;left:148.96542pt;line-height:13.283997pt;font-family:Times New Roman;font-size:12.0pt;word-spacing:0.1086pt;letter-spacing:0.0014pt;width:50.683212pt;">Recipients</div>
            <div class="p" id="p77" style="top:213.22762pt;left:203.86545pt;line-height:13.283997pt;font-family:Times New Roman;font-size:12.0pt;word-spacing:0.1086pt;letter-spacing:0.0014pt;width:10.012802pt;">of</div>
            <div class="p" id="p78" style="top:213.22762pt;left:218.04227pt;line-height:13.283997pt;font-family:Times New Roman;font-size:12.0pt;word-spacing:0.1086pt;letter-spacing:0.0014pt;width:24.66481pt;">other</div>
            <div class="p" id="p79" style="top:213.22762pt;left:246.8711pt;line-height:13.283997pt;font-family:Times New Roman;font-size:12.0pt;word-spacing:0.1086pt;letter-spacing:0.0014pt;width:15.993622pt;">file</div>
            <div class="p" id="p80" style="top:213.22762pt;left:267.1391pt;line-height:13.283997pt;font-family:Times New Roman;font-size:12.0pt;word-spacing:0.1086pt;letter-spacing:0.0014pt;width:36.595215pt;">formats</div>
            <div class="p" id="p81" style="top:213.22762pt;left:308.07114pt;line-height:13.283997pt;font-family:Times New Roman;font-size:12.0pt;word-spacing:0.1086pt;letter-spacing:0.0014pt;width:51.345642pt;">sometimes</div>
            <div class="p" id="p82" style="top:213.22762pt;left:363.7536pt;line-height:13.283997pt;font-family:Times New Roman;font-size:12.0pt;word-spacing:0.1086pt;letter-spacing:0.0014pt;width:22.05835pt;">can't</div>
            <div class="p" id="p83" style="top:213.22762pt;left:390.1584pt;line-height:13.283997pt;font-family:Times New Roman;font-size:12.0pt;word-spacing:0.1086pt;letter-spacing:0.0014pt;width:23.419159pt;">open</div>
            <div class="p" id="p84" style="top:213.22762pt;left:417.89755pt;line-height:13.283997pt;font-family:Times New Roman;font-size:12.0pt;word-spacing:0.1086pt;letter-spacing:0.0014pt;width:20.615997pt;">files</div>
            <div class="p" id="p85" style="top:213.22762pt;left:442.85037pt;line-height:13.283997pt;font-family:Times New Roman;font-size:12.0pt;word-spacing:0.1086pt;letter-spacing:0.0014pt;width:37.939148pt;">because</div>
            <div class="p" id="p86" style="top:213.22762pt;left:485.0639pt;line-height:13.283997pt;font-family:Times New Roman;font-size:12.0pt;word-spacing:0.1086pt;letter-spacing:0.0014pt;width:20.892029pt;">they</div>
            <div class="p" id="p87" style="top:227.0276pt;left:107.9206pt;line-height:13.283997pt;font-family:Times New Roman;font-size:12.0pt;word-spacing:4.0E-4pt;letter-spacing:-4.0E-4pt;width:23.3592pt;">don't</div>
            <div class="p" id="p88" style="top:227.0276pt;left:134.27501pt;line-height:13.283997pt;font-family:Times New Roman;font-size:12.0pt;word-spacing:4.0E-4pt;letter-spacing:-4.0E-4pt;width:22.766388pt;">have</div>
            <div class="p" id="p89" style="top:227.0276pt;left:159.99579pt;line-height:13.283997pt;font-family:Times New Roman;font-size:12.0pt;word-spacing:4.0E-4pt;letter-spacing:-4.0E-4pt;width:14.654404pt;">the</div>
            <div class="p" id="p90" style="top:227.0276pt;left:177.64539pt;line-height:13.283997pt;font-family:Times New Roman;font-size:12.0pt;word-spacing:4.0E-4pt;letter-spacing:-4.0E-4pt;width:58.022385pt;">applications</div>
            <div class="p" id="p91" style="top:227.0276pt;left:238.66296pt;line-height:13.283997pt;font-family:Times New Roman;font-size:12.0pt;word-spacing:4.0E-4pt;letter-spacing:-4.0E-4pt;width:21.981567pt;">used</div>
            <div class="p" id="p92" style="top:227.0276pt;left:263.63974pt;line-height:13.283997pt;font-family:Times New Roman;font-size:12.0pt;word-spacing:4.0E-4pt;letter-spacing:-4.0E-4pt;width:9.331207pt;">to</div>
            <div class="p" id="p93" style="top:227.0276pt;left:275.96616pt;line-height:13.283997pt;font-family:Times New Roman;font-size:12.0pt;word-spacing:4.0E-4pt;letter-spacing:-4.0E-4pt;width:28.658447pt;">create</div>
            <div class="p" id="p94" style="top:227.0276pt;left:307.6198pt;line-height:13.283997pt;font-family:Times New Roman;font-size:12.0pt;word-spacing:4.0E-4pt;letter-spacing:-4.0E-4pt;width:14.654419pt;">the</div>
            <div class="p" id="p95" style="top:227.0276pt;left:325.26944pt;line-height:13.283997pt;font-family:Times New Roman;font-size:12.0pt;word-spacing:4.0E-4pt;letter-spacing:-4.0E-4pt;width:55.104095pt;">documents.</div>
            <div class="p" id="p96" style="top:254.1596pt;left:89.9206pt;line-height:15.635986pt;font-family:Symbol;font-size:12.0pt;width:5.5195312pt;">â¢</div>
            <div class="p" id="p97" style="top:255.5876pt;left:107.92059pt;line-height:13.284012pt;font-family:Times New Roman;font-size:12.0pt;word-spacing:-0.0014pt;letter-spacing:0.0014pt;width:22.041595pt;">PDF</div>
            <div class="p" id="p98" style="top:255.5876pt;left:132.88779pt;line-height:13.284012pt;font-family:Times New Roman;font-size:12.0pt;word-spacing:-0.0014pt;letter-spacing:0.0014pt;width:20.616013pt;">files</div>
            <div class="p" id="p99" style="top:255.5876pt;left:156.5206pt;line-height:13.284012pt;font-family:Times New Roman;font-size:12.0pt;word-spacing:-0.0015pt;letter-spacing:0.0015pt;width:33.36241pt;">always</div>
            <div class="p" id="p100" style="top:255.5876pt;left:192.89261pt;line-height:13.284012pt;font-family:Times New Roman;font-size:12.0pt;word-spacing:-0.0015pt;letter-spacing:0.0015pt;width:24.084015pt;">print</div>
            <div class="p" id="p101" style="top:255.5876pt;left:219.99463pt;line-height:13.284012pt;font-family:Times New Roman;font-size:12.0pt;word-spacing:-0.0015pt;letter-spacing:0.0015pt;width:43.255188pt;">correctly</div>
            <div class="p" id="p102" style="top:255.5876pt;left:266.20062pt;line-height:13.284012pt;font-family:Times New Roman;font-size:12.0pt;word-spacing:2.0E-4pt;letter-spacing:-2.0E-4pt;width:11.997589pt;">on</div>
            <div class="p" id="p103" style="top:255.5876pt;left:281.1958pt;line-height:13.284012pt;font-family:Times New Roman;font-size:12.0pt;word-spacing:2.0E-4pt;letter-spacing:-2.0E-4pt;width:17.565582pt;">any</div>
            <div class="p" id="p104" style="top:255.5876pt;left:301.52136pt;line-height:13.284012pt;font-family:Times New Roman;font-size:12.0pt;word-spacing:2.0E-4pt;letter-spacing:-2.0E-4pt;width:38.109528pt;">printing</div>
            <div class="p" id="p105" style="top:255.5876pt;left:342.51086pt;line-height:13.284012pt;font-family:Times New Roman;font-size:12.0pt;word-spacing:2.0E-4pt;letter-spacing:-2.0E-4pt;width:34.33795pt;">device.</div>
            <div class="p" id="p106" style="top:282.7196pt;left:89.92062pt;line-height:15.635986pt;font-family:Symbol;font-size:12.0pt;width:5.5195312pt;">â¢</div>
            <div class="p" id="p107" style="top:284.1476pt;left:107.92062pt;line-height:13.283997pt;font-family:Times New Roman;font-size:12.0pt;word-spacing:0.1791pt;letter-spacing:9.0E-4pt;width:22.029602pt;">PDF</div>
            <div class="p" id="p108" style="top:284.1476pt;left:135.03581pt;line-height:13.283997pt;font-family:Times New Roman;font-size:12.0pt;word-spacing:0.1791pt;letter-spacing:9.0E-4pt;width:20.60402pt;">files</div>
            <div class="p" id="p109" style="top:284.1476pt;left:160.81064pt;line-height:13.283997pt;font-family:Times New Roman;font-size:12.0pt;word-spacing:0.1791pt;letter-spacing:9.0E-4pt;width:33.27002pt;">always</div>
            <div class="p" id="p110" style="top:284.1476pt;left:199.25026pt;line-height:13.283997pt;font-family:Times New Roman;font-size:12.0pt;word-spacing:0.1791pt;letter-spacing:9.0E-4pt;width:34.916412pt;">display</div>
            <div class="p" id="p111" style="top:284.1476pt;left:239.20062pt;line-height:13.283997pt;font-family:Times New Roman;font-size:12.0pt;letter-spacing:5.0E-4pt;width:34.760437pt;">exactly</div>
            <div class="p" id="p112" style="top:284.1476pt;left:279.1606pt;line-height:13.283997pt;font-family:Times New Roman;font-size:12.0pt;word-spacing:0.1909pt;letter-spacing:-9.0E-4pt;width:9.985199pt;">as</div>
            <div class="p" id="p113" style="top:284.1476pt;left:294.535pt;line-height:13.283997pt;font-family:Times New Roman;font-size:12.0pt;word-spacing:0.1909pt;letter-spacing:-9.0E-4pt;width:37.618805pt;">created,</div>
            <div class="p" id="p114" style="top:284.1476pt;left:337.423pt;line-height:13.283997pt;font-family:Times New Roman;font-size:12.0pt;word-spacing:0.1909pt;letter-spacing:-9.0E-4pt;width:48.709198pt;">regardless</div>
            <div class="p" id="p115" style="top:284.1476pt;left:391.4014pt;line-height:13.283997pt;font-family:Times New Roman;font-size:12.0pt;word-spacing:0.1909pt;letter-spacing:-9.0E-4pt;width:9.985199pt;">of</div>
            <div class="p" id="p116" style="top:284.1476pt;left:406.6558pt;line-height:13.283997pt;font-family:Times New Roman;font-size:12.0pt;word-spacing:0.1909pt;letter-spacing:-9.0E-4pt;width:26.945984pt;">fonts,</div>
            <div class="p" id="p117" style="top:284.1476pt;left:438.87097pt;line-height:13.283997pt;font-family:Times New Roman;font-size:12.0pt;word-spacing:0.1909pt;letter-spacing:-9.0E-4pt;width:44.31479pt;">software,</div>
            <div class="p" id="p118" style="top:284.1476pt;left:488.45496pt;line-height:13.283997pt;font-family:Times New Roman;font-size:12.0pt;word-spacing:0.1909pt;letter-spacing:-9.0E-4pt;width:17.306396pt;">and</div>
            <div class="p" id="p119" style="top:297.8276pt;left:107.92062pt;line-height:13.283997pt;font-family:Times New Roman;font-size:12.0pt;word-spacing:0.0604pt;letter-spacing:-4.0E-4pt;width:45.4104pt;">operating</div>
            <div class="p" id="p120" style="top:297.8276pt;left:156.81102pt;line-height:13.283997pt;font-family:Times New Roman;font-size:12.0pt;word-spacing:0.0604pt;letter-spacing:-4.0E-4pt;width:40.989563pt;">systems.</div>
            <div class="p" id="p121" style="top:297.8276pt;left:201.39578pt;line-height:13.283997pt;font-family:Times New Roman;font-size:12.0pt;word-spacing:0.0604pt;letter-spacing:-4.0E-4pt;width:29.582397pt;">Fonts,</div>
            <div class="p" id="p122" style="top:297.8276pt;left:234.57338pt;line-height:13.283997pt;font-family:Times New Roman;font-size:12.0pt;word-spacing:0.0604pt;letter-spacing:-4.0E-4pt;width:17.31839pt;">and</div>
            <div class="p" id="p123" style="top:297.8276pt;left:255.60696pt;line-height:13.283997pt;font-family:Times New Roman;font-size:12.0pt;word-spacing:0.0604pt;letter-spacing:-4.0E-4pt;width:40.59607pt;">graphics</div>
            <div class="p" id="p124" style="top:297.8276pt;left:299.79825pt;line-height:13.283997pt;font-family:Times New Roman;font-size:12.0pt;word-spacing:0.0604pt;letter-spacing:-4.0E-4pt;width:14.69043pt;">are</div>
            <div class="p" id="p125" style="top:297.8276pt;left:318.0839pt;line-height:13.283997pt;font-family:Times New Roman;font-size:12.0pt;word-spacing:0.0604pt;letter-spacing:-4.0E-4pt;width:15.326416pt;">not</div>
            <div class="p" id="p126" style="top:297.8276pt;left:337.12552pt;line-height:13.283997pt;font-family:Times New Roman;font-size:12.0pt;word-spacing:0.0604pt;letter-spacing:-4.0E-4pt;width:17.325623pt;">lost</div>
            <div class="p" id="p127" style="top:297.8276pt;left:358.16635pt;line-height:13.283997pt;font-family:Times New Roman;font-size:12.0pt;word-spacing:0.0604pt;letter-spacing:-4.0E-4pt;width:17.31842pt;">due</div>
            <div class="p" id="p128" style="top:297.8276pt;left:379.19998pt;line-height:13.283997pt;font-family:Times New Roman;font-size:12.0pt;word-spacing:0.0604pt;letter-spacing:-4.0E-4pt;width:9.331207pt;">to</div>
            <div class="p" id="p129" style="top:297.8276pt;left:392.2464pt;line-height:13.283997pt;font-family:Times New Roman;font-size:12.0pt;word-spacing:0.0604pt;letter-spacing:-4.0E-4pt;width:44.289673pt;">platform,</div>
            <div class="p" id="p130" style="top:297.8276pt;left:440.25128pt;line-height:13.283997pt;font-family:Times New Roman;font-size:12.0pt;word-spacing:0.0604pt;letter-spacing:-4.0E-4pt;width:44.356873pt;">software,</div>
            <div class="p" id="p131" style="top:297.8276pt;left:488.44336pt;line-height:13.283997pt;font-family:Times New Roman;font-size:12.0pt;word-spacing:0.0604pt;letter-spacing:-4.0E-4pt;width:17.31842pt;">and</div>
            <div class="p" id="p132" style="top:311.6276pt;left:107.92062pt;line-height:13.283997pt;font-family:Times New Roman;font-size:12.0pt;word-spacing:-0.0012pt;letter-spacing:0.0012pt;width:35.29921pt;">version</div>
            <div class="p" id="p133" style="top:311.6276pt;left:146.23424pt;line-height:13.283997pt;font-family:Times New Roman;font-size:12.0pt;word-spacing:-0.0012pt;letter-spacing:0.0012pt;width:83.72647pt;">incompatibilities.</div>
            <div class="p" id="p134" style="top:338.75958pt;left:89.92062pt;line-height:15.635986pt;font-family:Symbol;font-size:12.0pt;width:5.5195312pt;">â¢</div>
            <div class="p" id="p135" style="top:340.1876pt;left:107.92062pt;line-height:13.283997pt;font-family:Times New Roman;font-size:12.0pt;word-spacing:0.1712pt;letter-spacing:-0.0012pt;width:18.631203pt;">The</div>
            <div class="p" id="p136" style="top:340.1876pt;left:131.57742pt;line-height:13.283997pt;font-family:Times New Roman;font-size:12.0pt;word-spacing:0.1712pt;letter-spacing:-0.0012pt;width:18.693604pt;">free</div>
            <div class="p" id="p137" style="top:340.1876pt;left:155.29662pt;line-height:13.283997pt;font-family:Times New Roman;font-size:12.0pt;word-spacing:0.1712pt;letter-spacing:-0.0012pt;width:38.65439pt;">Acrobat</div>
            <div class="p" id="p138" style="top:340.1876pt;left:198.9766pt;line-height:13.283997pt;font-family:Times New Roman;font-size:12.0pt;word-spacing:0.1712pt;letter-spacing:-0.0012pt;width:34.046387pt;">Reader</div>
            <div class="p" id="p139" style="top:340.1876pt;left:238.04857pt;line-height:13.283997pt;font-family:Times New Roman;font-size:12.0pt;word-spacing:0.1712pt;letter-spacing:-0.0012pt;width:7.9895935pt;">is</div>
            <div class="p" id="p140" style="top:340.1876pt;left:251.06375pt;line-height:13.283997pt;font-family:Times New Roman;font-size:12.0pt;word-spacing:0.1712pt;letter-spacing:-0.0012pt;width:21.602417pt;">easy</div>
            <div class="p" id="p141" style="top:340.1876pt;left:277.4662pt;line-height:13.283997pt;font-family:Times New Roman;font-size:12.0pt;word-spacing:0.1712pt;letter-spacing:-0.0012pt;width:9.321594pt;">to</div>
            <div class="p" id="p142" style="top:340.1876pt;left:291.8134pt;line-height:13.283997pt;font-family:Times New Roman;font-size:12.0pt;word-spacing:0.1712pt;letter-spacing:-0.0012pt;width:47.227173pt;">download</div>
            <div class="p" id="p143" style="top:340.1876pt;left:344.06616pt;line-height:13.283997pt;font-family:Times New Roman;font-size:12.0pt;word-spacing:0.1712pt;letter-spacing:-0.0012pt;width:17.299194pt;">and</div>
            <div class="p" id="p144" style="top:340.1876pt;left:366.51096pt;line-height:13.283997pt;font-family:Times New Roman;font-size:12.0pt;word-spacing:0.1712pt;letter-spacing:-0.0012pt;width:16.627197pt;">can</div>
            <div class="p" id="p145" style="top:340.1876pt;left:388.16376pt;line-height:13.283997pt;font-family:Times New Roman;font-size:12.0pt;word-spacing:0.1712pt;letter-spacing:-0.0012pt;width:11.313599pt;">be</div>
            <div class="p" id="p146" style="top:340.1876pt;left:404.62296pt;line-height:13.283997pt;font-family:Times New Roman;font-size:12.0pt;word-spacing:0.1712pt;letter-spacing:-0.0012pt;width:28.281586pt;">freely</div>
            <div class="p" id="p147" style="top:340.1876pt;left:437.70456pt;line-height:13.283997pt;font-family:Times New Roman;font-size:12.0pt;word-spacing:0.1712pt;letter-spacing:-0.0012pt;width:51.191956pt;">distributed</div>
            <div class="p" id="p148" style="top:340.1876pt;left:493.92212pt;line-height:13.283997pt;font-family:Times New Roman;font-size:12.0pt;word-spacing:0.1712pt;letter-spacing:-0.0012pt;width:11.985596pt;">by</div>
            <div class="p" id="p149" style="top:353.86758pt;left:107.92062pt;line-height:13.283997pt;font-family:Times New Roman;font-size:12.0pt;letter-spacing:-0.0038pt;width:37.564804pt;">anyone.</div>
            <div class="p" id="p150" style="top:380.99957pt;left:89.92062pt;line-height:15.635986pt;font-family:Symbol;font-size:12.0pt;width:5.5195312pt;">â¢</div>
            <div class="p" id="p151" style="top:382.42758pt;left:107.92062pt;line-height:13.283997pt;font-family:Times New Roman;font-size:12.0pt;word-spacing:0.4887pt;letter-spacing:0.0013pt;width:43.303177pt;">Compact</div>
            <div class="p" id="p152" style="top:382.42758pt;left:160.01021pt;line-height:13.283997pt;font-family:Times New Roman;font-size:12.0pt;word-spacing:0.4887pt;letter-spacing:0.0013pt;width:22.0392pt;">PDF</div>
            <div class="p" id="p153" style="top:382.42758pt;left:190.73503pt;line-height:13.283997pt;font-family:Times New Roman;font-size:12.0pt;word-spacing:0.4887pt;letter-spacing:0.0013pt;width:20.613571pt;">files</div>
            <div class="p" id="p154" style="top:382.42758pt;left:220.1242pt;line-height:13.283997pt;font-family:Times New Roman;font-size:12.0pt;word-spacing:0.4887pt;letter-spacing:0.0013pt;width:14.690399pt;">are</div>
            <div class="p" id="p155" style="top:382.42758pt;left:243.649pt;line-height:13.283997pt;font-family:Times New Roman;font-size:12.0pt;word-spacing:0.4887pt;letter-spacing:0.0013pt;width:35.29921pt;">smaller</div>
            <div class="p" id="p156" style="top:382.42758pt;left:287.7922pt;line-height:13.283997pt;font-family:Times New Roman;font-size:12.0pt;word-spacing:0.4887pt;letter-spacing:0.0013pt;width:20.649597pt;">than</div>
            <div class="p" id="p157" style="top:382.42758pt;left:317.3218pt;line-height:13.283997pt;font-family:Times New Roman;font-size:12.0pt;word-spacing:0.4887pt;letter-spacing:0.0013pt;width:22.112396pt;">their</div>
            <div class="p" id="p158" style="top:382.42758pt;left:348.2782pt;line-height:13.283997pt;font-family:Times New Roman;font-size:12.0pt;word-spacing:0.4887pt;letter-spacing:0.0013pt;width:31.346375pt;">source</div>
            <div class="p" id="p159" style="top:382.42758pt;left:388.45898pt;line-height:13.283997pt;font-family:Times New Roman;font-size:12.0pt;word-spacing:0.4887pt;letter-spacing:0.0013pt;width:20.613586pt;">files</div>
            <div class="p" id="p160" style="top:382.42758pt;left:417.96817pt;line-height:13.283997pt;font-family:Times New Roman;font-size:12.0pt;word-spacing:0.4887pt;letter-spacing:0.0013pt;width:17.298004pt;">and</div>
            <div class="p" id="p161" style="top:382.42758pt;left:444.16177pt;line-height:13.283997pt;font-family:Times New Roman;font-size:12.0pt;word-spacing:0.4887pt;letter-spacing:0.0013pt;width:47.480377pt;">download</div>
            <div class="p" id="p162" style="top:382.42758pt;left:500.53775pt;line-height:13.283997pt;font-family:Times New Roman;font-size:12.0pt;word-spacing:0.4887pt;letter-spacing:0.0013pt;width:5.328003pt;">a</div>
            <div class="p" id="p163" style="top:396.10757pt;left:107.92062pt;line-height:13.283997pt;font-family:Times New Roman;font-size:12.0pt;word-spacing:-0.0012pt;letter-spacing:0.0013pt;width:22.642807pt;">page</div>
            <div class="p" id="p164" style="top:396.10757pt;left:133.52023pt;line-height:13.283997pt;font-family:Times New Roman;font-size:12.0pt;word-spacing:-0.0012pt;letter-spacing:0.0013pt;width:8.619598pt;">at</div>
            <div class="p" id="p165" style="top:396.10757pt;left:145.16862pt;line-height:13.283997pt;font-family:Times New Roman;font-size:12.0pt;word-spacing:-0.0012pt;letter-spacing:0.0013pt;width:5.328003pt;">a</div>
            <div class="p" id="p166" style="top:396.10757pt;left:153.45343pt;line-height:13.283997pt;font-family:Times New Roman;font-size:12.0pt;word-spacing:-0.0012pt;letter-spacing:0.0013pt;width:21.382782pt;">time</div>
            <div class="p" id="p167" style="top:396.10757pt;left:177.79301pt;line-height:13.283997pt;font-family:Times New Roman;font-size:12.0pt;word-spacing:-0.0012pt;letter-spacing:0.0013pt;width:14.0784pt;">for</div>
            <div class="p" id="p168" style="top:396.10757pt;left:194.83781pt;line-height:13.283997pt;font-family:Times New Roman;font-size:12.0pt;word-spacing:-0.0012pt;letter-spacing:0.0013pt;width:17.264389pt;">fast</div>
            <div class="p" id="p169" style="top:396.10757pt;left:215.119pt;line-height:13.283997pt;font-family:Times New Roman;font-size:12.0pt;word-spacing:-0.0012pt;letter-spacing:0.0013pt;width:34.94156pt;">display</div>
            <div class="p" id="p170" style="top:396.10757pt;left:252.82297pt;line-height:13.283997pt;font-family:Times New Roman;font-size:12.0pt;word-spacing:-0.0012pt;letter-spacing:0.0013pt;width:12.0155945pt;">on</div>
            <div class="p" id="p171" style="top:396.10757pt;left:267.85535pt;line-height:13.283997pt;font-family:Times New Roman;font-size:12.0pt;word-spacing:-0.0012pt;letter-spacing:0.0013pt;width:14.69519pt;">the</div>
            <div class="p" id="p172" style="top:396.10757pt;left:285.50732pt;line-height:13.283997pt;font-family:Times New Roman;font-size:12.0pt;word-spacing:-0.0012pt;letter-spacing:0.0013pt;width:25.642792pt;">Web.</div>
        </div>
    </body>
</html>
